<?xml version="1.0" encoding="ISO-8859-1" ?>
<link_info>
   <banner>MSP430 Linker PC v20.2.5.LTS</banner>
   <copyright>Copyright (c) 2003-2018 Texas Instruments Incorporated</copyright>
   <link_time>0x61a4fc4e</link_time>
   <link_errors>0x0</link_errors>
   <output_file>Lab1.out</output_file>
   <entry_point>
      <name>_c_int00_noargs</name>
      <address>0x8068</address>
   </entry_point>
   <input_file_list>
      <input_file id="fl-2">
         <path>.\</path>
         <kind>object</kind>
         <file>main.obj</file>
         <name>main.obj</name>
      </input_file>
      <input_file id="fl-3">
         <path>.\DL\</path>
         <kind>object</kind>
         <file>dl_module.obj</file>
         <name>dl_module.obj</name>
      </input_file>
      <input_file id="fl-4">
         <path>.\Driver\</path>
         <kind>object</kind>
         <file>driver_aktorik.obj</file>
         <name>driver_aktorik.obj</name>
      </input_file>
      <input_file id="fl-5">
         <path>.\Driver\</path>
         <kind>object</kind>
         <file>driver_general.obj</file>
         <name>driver_general.obj</name>
      </input_file>
      <input_file id="fl-6">
         <path>.\HAL\</path>
         <kind>object</kind>
         <file>hal_general.obj</file>
         <name>hal_general.obj</name>
      </input_file>
      <input_file id="fl-7">
         <path>.\HAL\</path>
         <kind>object</kind>
         <file>hal_gpio.obj</file>
         <name>hal_gpio.obj</name>
      </input_file>
      <input_file id="fl-8">
         <path>.\HAL\</path>
         <kind>object</kind>
         <file>hal_module.obj</file>
         <name>hal_module.obj</name>
      </input_file>
      <input_file id="fl-9">
         <path>.\HAL\</path>
         <kind>object</kind>
         <file>hal_pmm.obj</file>
         <name>hal_pmm.obj</name>
      </input_file>
      <input_file id="fl-a">
         <path>.\HAL\</path>
         <kind>object</kind>
         <file>hal_timerA1.obj</file>
         <name>hal_timerA1.obj</name>
      </input_file>
      <input_file id="fl-b">
         <path>.\HAL\</path>
         <kind>object</kind>
         <file>hal_timerB0.obj</file>
         <name>hal_timerB0.obj</name>
      </input_file>
      <input_file id="fl-c">
         <path>.\HAL\</path>
         <kind>object</kind>
         <file>hal_ucs.obj</file>
         <name>hal_ucs.obj</name>
      </input_file>
      <input_file id="fl-d">
         <path>.\HAL\</path>
         <kind>object</kind>
         <file>hal_usciB1.obj</file>
         <name>hal_usciB1.obj</name>
      </input_file>
      <input_file id="fl-13">
         <kind>object</kind>
         <file>&lt;internal&gt;</file>
         <name>&lt;internal&gt;</name>
      </input_file>
      <input_file id="fl-2e">
         <path>C:\ti\ccs1040\ccs\tools\compiler\ti-cgt-msp430_20.2.5.LTS\lib\</path>
         <kind>archive</kind>
         <file>rts430x_lc_rd_eabi.lib</file>
         <name>int37.asm.obj</name>
      </input_file>
      <input_file id="fl-2f">
         <path>C:\ti\ccs1040\ccs\tools\compiler\ti-cgt-msp430_20.2.5.LTS\lib\</path>
         <kind>archive</kind>
         <file>rts430x_lc_rd_eabi.lib</file>
         <name>int38.asm.obj</name>
      </input_file>
      <input_file id="fl-30">
         <path>C:\ti\ccs1040\ccs\tools\compiler\ti-cgt-msp430_20.2.5.LTS\lib\</path>
         <kind>archive</kind>
         <file>rts430x_lc_rd_eabi.lib</file>
         <name>int39.asm.obj</name>
      </input_file>
      <input_file id="fl-31">
         <path>C:\ti\ccs1040\ccs\tools\compiler\ti-cgt-msp430_20.2.5.LTS\lib\</path>
         <kind>archive</kind>
         <file>rts430x_lc_rd_eabi.lib</file>
         <name>int40.asm.obj</name>
      </input_file>
      <input_file id="fl-32">
         <path>C:\ti\ccs1040\ccs\tools\compiler\ti-cgt-msp430_20.2.5.LTS\lib\</path>
         <kind>archive</kind>
         <file>rts430x_lc_rd_eabi.lib</file>
         <name>int42.asm.obj</name>
      </input_file>
      <input_file id="fl-33">
         <path>C:\ti\ccs1040\ccs\tools\compiler\ti-cgt-msp430_20.2.5.LTS\lib\</path>
         <kind>archive</kind>
         <file>rts430x_lc_rd_eabi.lib</file>
         <name>int44.asm.obj</name>
      </input_file>
      <input_file id="fl-34">
         <path>C:\ti\ccs1040\ccs\tools\compiler\ti-cgt-msp430_20.2.5.LTS\lib\</path>
         <kind>archive</kind>
         <file>rts430x_lc_rd_eabi.lib</file>
         <name>int46.asm.obj</name>
      </input_file>
      <input_file id="fl-35">
         <path>C:\ti\ccs1040\ccs\tools\compiler\ti-cgt-msp430_20.2.5.LTS\lib\</path>
         <kind>archive</kind>
         <file>rts430x_lc_rd_eabi.lib</file>
         <name>int48.asm.obj</name>
      </input_file>
      <input_file id="fl-36">
         <path>C:\ti\ccs1040\ccs\tools\compiler\ti-cgt-msp430_20.2.5.LTS\lib\</path>
         <kind>archive</kind>
         <file>rts430x_lc_rd_eabi.lib</file>
         <name>int50.asm.obj</name>
      </input_file>
      <input_file id="fl-37">
         <path>C:\ti\ccs1040\ccs\tools\compiler\ti-cgt-msp430_20.2.5.LTS\lib\</path>
         <kind>archive</kind>
         <file>rts430x_lc_rd_eabi.lib</file>
         <name>int51.asm.obj</name>
      </input_file>
      <input_file id="fl-38">
         <path>C:\ti\ccs1040\ccs\tools\compiler\ti-cgt-msp430_20.2.5.LTS\lib\</path>
         <kind>archive</kind>
         <file>rts430x_lc_rd_eabi.lib</file>
         <name>int52.asm.obj</name>
      </input_file>
      <input_file id="fl-39">
         <path>C:\ti\ccs1040\ccs\tools\compiler\ti-cgt-msp430_20.2.5.LTS\lib\</path>
         <kind>archive</kind>
         <file>rts430x_lc_rd_eabi.lib</file>
         <name>int53.asm.obj</name>
      </input_file>
      <input_file id="fl-3a">
         <path>C:\ti\ccs1040\ccs\tools\compiler\ti-cgt-msp430_20.2.5.LTS\lib\</path>
         <kind>archive</kind>
         <file>rts430x_lc_rd_eabi.lib</file>
         <name>int54.asm.obj</name>
      </input_file>
      <input_file id="fl-3b">
         <path>C:\ti\ccs1040\ccs\tools\compiler\ti-cgt-msp430_20.2.5.LTS\lib\</path>
         <kind>archive</kind>
         <file>rts430x_lc_rd_eabi.lib</file>
         <name>int55.asm.obj</name>
      </input_file>
      <input_file id="fl-3c">
         <path>C:\ti\ccs1040\ccs\tools\compiler\ti-cgt-msp430_20.2.5.LTS\lib\</path>
         <kind>archive</kind>
         <file>rts430x_lc_rd_eabi.lib</file>
         <name>int56.asm.obj</name>
      </input_file>
      <input_file id="fl-3d">
         <path>C:\ti\ccs1040\ccs\tools\compiler\ti-cgt-msp430_20.2.5.LTS\lib\</path>
         <kind>archive</kind>
         <file>rts430x_lc_rd_eabi.lib</file>
         <name>int57.asm.obj</name>
      </input_file>
      <input_file id="fl-3e">
         <path>C:\ti\ccs1040\ccs\tools\compiler\ti-cgt-msp430_20.2.5.LTS\lib\</path>
         <kind>archive</kind>
         <file>rts430x_lc_rd_eabi.lib</file>
         <name>int58.asm.obj</name>
      </input_file>
      <input_file id="fl-3f">
         <path>C:\ti\ccs1040\ccs\tools\compiler\ti-cgt-msp430_20.2.5.LTS\lib\</path>
         <kind>archive</kind>
         <file>rts430x_lc_rd_eabi.lib</file>
         <name>int59.asm.obj</name>
      </input_file>
      <input_file id="fl-40">
         <path>C:\ti\ccs1040\ccs\tools\compiler\ti-cgt-msp430_20.2.5.LTS\lib\</path>
         <kind>archive</kind>
         <file>rts430x_lc_rd_eabi.lib</file>
         <name>int60.asm.obj</name>
      </input_file>
      <input_file id="fl-41">
         <path>C:\ti\ccs1040\ccs\tools\compiler\ti-cgt-msp430_20.2.5.LTS\lib\</path>
         <kind>archive</kind>
         <file>rts430x_lc_rd_eabi.lib</file>
         <name>int61.asm.obj</name>
      </input_file>
      <input_file id="fl-42">
         <path>C:\ti\ccs1040\ccs\tools\compiler\ti-cgt-msp430_20.2.5.LTS\lib\</path>
         <kind>archive</kind>
         <file>rts430x_lc_rd_eabi.lib</file>
         <name>int62.asm.obj</name>
      </input_file>
      <input_file id="fl-43">
         <path>C:\ti\ccs1040\ccs\tools\compiler\ti-cgt-msp430_20.2.5.LTS\lib\</path>
         <kind>archive</kind>
         <file>rts430x_lc_rd_eabi.lib</file>
         <name>isr_trap.asm.obj</name>
      </input_file>
      <input_file id="fl-44">
         <path>C:\ti\ccs1040\ccs\tools\compiler\ti-cgt-msp430_20.2.5.LTS\lib\</path>
         <kind>archive</kind>
         <file>rts430x_lc_rd_eabi.lib</file>
         <name>mult16_f5hw.asm.obj</name>
      </input_file>
      <input_file id="fl-45">
         <path>C:\ti\ccs1040\ccs\tools\compiler\ti-cgt-msp430_20.2.5.LTS\lib\</path>
         <kind>archive</kind>
         <file>rts430x_lc_rd_eabi.lib</file>
         <name>mult1632_f5hw.asm.obj</name>
      </input_file>
      <input_file id="fl-46">
         <path>C:\ti\ccs1040\ccs\tools\compiler\ti-cgt-msp430_20.2.5.LTS\lib\</path>
         <kind>archive</kind>
         <file>rts430x_lc_rd_eabi.lib</file>
         <name>mult32_f5hw.asm.obj</name>
      </input_file>
      <input_file id="fl-47">
         <path>C:\ti\ccs1040\ccs\tools\compiler\ti-cgt-msp430_20.2.5.LTS\lib\</path>
         <kind>archive</kind>
         <file>rts430x_lc_rd_eabi.lib</file>
         <name>mult3264_f5hw.asm.obj</name>
      </input_file>
      <input_file id="fl-48">
         <path>C:\ti\ccs1040\ccs\tools\compiler\ti-cgt-msp430_20.2.5.LTS\lib\</path>
         <kind>archive</kind>
         <file>rts430x_lc_rd_eabi.lib</file>
         <name>mult64_f5hw.asm.obj</name>
      </input_file>
      <input_file id="fl-49">
         <path>C:\ti\ccs1040\ccs\tools\compiler\ti-cgt-msp430_20.2.5.LTS\lib\</path>
         <kind>archive</kind>
         <file>rts430x_lc_rd_eabi.lib</file>
         <name>boot.c.obj</name>
      </input_file>
      <input_file id="fl-4a">
         <path>C:\ti\ccs1040\ccs\tools\compiler\ti-cgt-msp430_20.2.5.LTS\lib\</path>
         <kind>archive</kind>
         <file>rts430x_lc_rd_eabi.lib</file>
         <name>autoinit.c.obj</name>
      </input_file>
      <input_file id="fl-4b">
         <path>C:\ti\ccs1040\ccs\tools\compiler\ti-cgt-msp430_20.2.5.LTS\lib\</path>
         <kind>archive</kind>
         <file>rts430x_lc_rd_eabi.lib</file>
         <name>copy_zero_init.c.obj</name>
      </input_file>
      <input_file id="fl-4c">
         <path>C:\ti\ccs1040\ccs\tools\compiler\ti-cgt-msp430_20.2.5.LTS\lib\</path>
         <kind>archive</kind>
         <file>rts430x_lc_rd_eabi.lib</file>
         <name>cpy_tbl.c.obj</name>
      </input_file>
      <input_file id="fl-4d">
         <path>C:\ti\ccs1040\ccs\tools\compiler\ti-cgt-msp430_20.2.5.LTS\lib\</path>
         <kind>archive</kind>
         <file>rts430x_lc_rd_eabi.lib</file>
         <name>mpu_init.c.obj</name>
      </input_file>
      <input_file id="fl-4e">
         <path>C:\ti\ccs1040\ccs\tools\compiler\ti-cgt-msp430_20.2.5.LTS\lib\</path>
         <kind>archive</kind>
         <file>rts430x_lc_rd_eabi.lib</file>
         <name>pre_init.c.obj</name>
      </input_file>
      <input_file id="fl-4f">
         <path>C:\ti\ccs1040\ccs\tools\compiler\ti-cgt-msp430_20.2.5.LTS\lib\</path>
         <kind>archive</kind>
         <file>rts430x_lc_rd_eabi.lib</file>
         <name>startup.c.obj</name>
      </input_file>
      <input_file id="fl-50">
         <path>C:\ti\ccs1040\ccs\tools\compiler\ti-cgt-msp430_20.2.5.LTS\lib\</path>
         <kind>archive</kind>
         <file>rts430x_lc_rd_eabi.lib</file>
         <name>copy_decompress_none.c.obj</name>
      </input_file>
      <input_file id="fl-51">
         <path>C:\ti\ccs1040\ccs\tools\compiler\ti-cgt-msp430_20.2.5.LTS\lib\</path>
         <kind>archive</kind>
         <file>rts430x_lc_rd_eabi.lib</file>
         <name>copy_decompress_lzss.c.obj</name>
      </input_file>
      <input_file id="fl-52">
         <path>C:\ti\ccs1040\ccs\tools\compiler\ti-cgt-msp430_20.2.5.LTS\lib\</path>
         <kind>archive</kind>
         <file>rts430x_lc_rd_eabi.lib</file>
         <name>exit.c.obj</name>
      </input_file>
      <input_file id="fl-53">
         <path>C:\ti\ccs1040\ccs\tools\compiler\ti-cgt-msp430_20.2.5.LTS\lib\</path>
         <kind>archive</kind>
         <file>rts430x_lc_rd_eabi.lib</file>
         <name>_lock.c.obj</name>
      </input_file>
      <input_file id="fl-54">
         <path>C:\ti\ccs1040\ccs\tools\compiler\ti-cgt-msp430_20.2.5.LTS\lib\</path>
         <kind>archive</kind>
         <file>rts430x_lc_rd_eabi.lib</file>
         <name>args_main.c.obj</name>
      </input_file>
      <input_file id="fl-55">
         <path>C:\ti\ccs1040\ccs\tools\compiler\ti-cgt-msp430_20.2.5.LTS\lib\</path>
         <kind>archive</kind>
         <file>rts430x_lc_rd_eabi.lib</file>
         <name>memcpy.c.obj</name>
      </input_file>
      <input_file id="fl-56">
         <path>C:\ti\ccs1040\ccs\tools\compiler\ti-cgt-msp430_20.2.5.LTS\lib\</path>
         <kind>archive</kind>
         <file>rts430x_lc_rd_eabi.lib</file>
         <name>mult16.asm.obj</name>
      </input_file>
      <input_file id="fl-57">
         <path>C:\ti\ccs1040\ccs\tools\compiler\ti-cgt-msp430_20.2.5.LTS\lib\</path>
         <kind>archive</kind>
         <file>rts430x_lc_rd_eabi.lib</file>
         <name>exit_gvars.c.obj</name>
      </input_file>
   </input_file_list>
   <object_component_list>
      <object_component id="oc-3bc">
         <name>.common:transmit</name>
         <uninitialized>true</uninitialized>
         <run_address>0x1c00</run_address>
         <size>0x204</size>
      </object_component>
      <object_component id="oc-3c1">
         <name>.data</name>
         <load_address>0x1e04</load_address>
         <run_address>0x1e04</run_address>
         <size>0x2</size>
         <input_file_ref idref="fl-a"/>
      </object_component>
      <object_component id="oc-33b">
         <name>.stack</name>
         <uninitialized>true</uninitialized>
         <run_address>0x6360</run_address>
         <size>0x4</size>
         <input_file_ref idref="fl-49"/>
      </object_component>
      <object_component id="oc-587">
         <name>.stack</name>
         <uninitialized>true</uninitialized>
         <run_address>0x6360</run_address>
         <size>0x0</size>
      </object_component>
      <object_component id="oc-4f8">
         <name>.text:HAL_PMM_SetVCoreUp</name>
         <load_address>0x10000</load_address>
         <run_address>0x10000</run_address>
         <size>0xec</size>
         <input_file_ref idref="fl-9"/>
      </object_component>
      <object_component id="oc-462">
         <name>.text:HAL_GPIO_Init</name>
         <load_address>0x100ec</load_address>
         <run_address>0x100ec</run_address>
         <size>0xd6</size>
         <input_file_ref idref="fl-7"/>
      </object_component>
      <object_component id="oc-4fe">
         <name>.text:HAL_PMM_SetVCoreDown</name>
         <load_address>0x101c2</load_address>
         <run_address>0x101c2</run_address>
         <size>0xbc</size>
         <input_file_ref idref="fl-9"/>
      </object_component>
      <object_component id="oc-481">
         <name>.text:Driver_SetThrottle</name>
         <load_address>0x1027e</load_address>
         <run_address>0x1027e</run_address>
         <size>0x86</size>
         <input_file_ref idref="fl-4"/>
      </object_component>
      <object_component id="oc-6f">
         <name>.text:decompress:lzss:__TI_decompress_lzss</name>
         <load_address>0x10304</load_address>
         <run_address>0x10304</run_address>
         <size>0x76</size>
         <input_file_ref idref="fl-51"/>
      </object_component>
      <object_component id="oc-4be">
         <name>.text:HAL_PMM_SetVCore</name>
         <load_address>0x1037a</load_address>
         <run_address>0x1037a</run_address>
         <size>0x68</size>
         <input_file_ref idref="fl-9"/>
      </object_component>
      <object_component id="oc-43a">
         <name>.text:__TI_auto_init_nobinit_nopinit_hold_wdt:__TI_auto_init_nobinit_nopinit_hold_wdt</name>
         <load_address>0x103e2</load_address>
         <run_address>0x103e2</run_address>
         <size>0x54</size>
         <input_file_ref idref="fl-4a"/>
      </object_component>
      <object_component id="oc-468">
         <name>.text:HAL_UCS_Init</name>
         <load_address>0x10436</load_address>
         <run_address>0x10436</run_address>
         <size>0x4a</size>
         <input_file_ref idref="fl-c"/>
      </object_component>
      <object_component id="oc-474">
         <name>.text:HAL_USCIB1_Init</name>
         <load_address>0x10480</load_address>
         <run_address>0x10480</run_address>
         <size>0x3a</size>
         <input_file_ref idref="fl-d"/>
      </object_component>
      <object_component id="oc-46e">
         <name>.text:HAL_TimerA1_Init</name>
         <load_address>0x104ba</load_address>
         <run_address>0x104ba</run_address>
         <size>0x2e</size>
         <input_file_ref idref="fl-a"/>
      </object_component>
      <object_component id="oc-36e">
         <name>.text:decompress:ZI:__TI_zero_init_nomemset:__TI_zero_init_nomemset</name>
         <load_address>0x104e8</load_address>
         <run_address>0x104e8</run_address>
         <size>0x24</size>
         <input_file_ref idref="fl-4b"/>
      </object_component>
      <object_component id="oc-409">
         <name>.text:HAL_Init</name>
         <load_address>0x1050c</load_address>
         <run_address>0x1050c</run_address>
         <size>0x20</size>
         <input_file_ref idref="fl-6"/>
      </object_component>
      <object_component id="oc-34a">
         <name>.text:memcpy</name>
         <load_address>0x1052c</load_address>
         <run_address>0x1052c</run_address>
         <size>0x14</size>
         <input_file_ref idref="fl-55"/>
      </object_component>
      <object_component id="oc-45c">
         <name>.text:HAL_PMM_Init</name>
         <load_address>0x10540</load_address>
         <run_address>0x10540</run_address>
         <size>0x12</size>
         <input_file_ref idref="fl-9"/>
      </object_component>
      <object_component id="oc-75">
         <name>.text:decompress:none:__TI_decompress_none</name>
         <load_address>0x10552</load_address>
         <run_address>0x10552</run_address>
         <size>0x12</size>
         <input_file_ref idref="fl-50"/>
      </object_component>
      <object_component id="oc-40f">
         <name>.text:Driver_Init</name>
         <load_address>0x10564</load_address>
         <run_address>0x10564</run_address>
         <size>0xa</size>
         <input_file_ref idref="fl-5"/>
      </object_component>
      <object_component id="oc-3d3">
         <name>.text:main</name>
         <load_address>0x1056e</load_address>
         <run_address>0x1056e</run_address>
         <size>0xa</size>
         <input_file_ref idref="fl-2"/>
      </object_component>
      <object_component id="oc-456">
         <name>.text:HAL_Wdt_Init</name>
         <load_address>0x10578</load_address>
         <run_address>0x10578</run_address>
         <size>0x8</size>
         <input_file_ref idref="fl-8"/>
      </object_component>
      <object_component id="oc-416">
         <name>.text:abort</name>
         <load_address>0x10580</load_address>
         <run_address>0x10580</run_address>
         <size>0x6</size>
         <input_file_ref idref="fl-52"/>
      </object_component>
      <object_component id="oc-3cd">
         <name>.text:_system_pre_init</name>
         <load_address>0x10586</load_address>
         <run_address>0x10586</run_address>
         <size>0x4</size>
         <input_file_ref idref="fl-4e"/>
      </object_component>
      <object_component id="oc-47b">
         <name>.text:Driver_SetSteering</name>
         <load_address>0x1058a</load_address>
         <run_address>0x1058a</run_address>
         <size>0x2</size>
         <input_file_ref idref="fl-4"/>
      </object_component>
      <object_component id="oc-49a">
         <name>.text:_system_post_cinit</name>
         <load_address>0x1058c</load_address>
         <run_address>0x1058c</run_address>
         <size>0x2</size>
         <input_file_ref idref="fl-4f"/>
      </object_component>
      <object_component id="oc-35c">
         <name>.text:_isr:USCI_B1</name>
         <load_address>0x8000</load_address>
         <run_address>0x8000</run_address>
         <size>0x38</size>
         <input_file_ref idref="fl-d"/>
      </object_component>
      <object_component id="oc-362">
         <name>.text:_isr:P1_ISR</name>
         <load_address>0x8038</load_address>
         <run_address>0x8038</run_address>
         <size>0x30</size>
         <input_file_ref idref="fl-7"/>
      </object_component>
      <object_component id="oc-380">
         <name>.text:_isr:_c_int00_noargs</name>
         <load_address>0x8068</load_address>
         <run_address>0x8068</run_address>
         <size>0x1c</size>
         <input_file_ref idref="fl-49"/>
      </object_component>
      <object_component id="oc-357">
         <name>.text:_isr:__TI_ISR_TRAP</name>
         <load_address>0x8084</load_address>
         <run_address>0x8084</run_address>
         <size>0x8</size>
         <input_file_ref idref="fl-43"/>
      </object_component>
      <object_component id="oc-368">
         <name>.text:_isr:Timer_A1</name>
         <load_address>0x808c</load_address>
         <run_address>0x808c</run_address>
         <size>0x6</size>
         <input_file_ref idref="fl-a"/>
      </object_component>
      <object_component id="oc-583">
         <name>__TI_handler_table</name>
         <load_address>0x8092</load_address>
         <run_address>0x8092</run_address>
         <size>0xc</size>
      </object_component>
      <object_component id="oc-585">
         <name>.cinit..bss.load</name>
         <load_address>0x809e</load_address>
         <run_address>0x809e</run_address>
         <size>0x6</size>
      </object_component>
      <object_component id="oc-586">
         <name>.cinit..data.load</name>
         <load_address>0x80a4</load_address>
         <run_address>0x80a4</run_address>
         <size>0x6</size>
      </object_component>
      <object_component id="oc-584">
         <name>__TI_cinit_table</name>
         <load_address>0x80aa</load_address>
         <run_address>0x80aa</run_address>
         <size>0x10</size>
      </object_component>
      <object_component id="oc-515">
         <name>.binit</name>
         <load_address>0x8000</load_address>
         <run_address>0x8000</run_address>
         <size>0x0</size>
      </object_component>
      <object_component id="oc-7b">
         <name>.int37</name>
         <load_address>0xffca</load_address>
         <run_address>0xffca</run_address>
         <size>0x2</size>
         <input_file_ref idref="fl-2e"/>
      </object_component>
      <object_component id="oc-7c">
         <name>.int38</name>
         <load_address>0xffcc</load_address>
         <run_address>0xffcc</run_address>
         <size>0x2</size>
         <input_file_ref idref="fl-2f"/>
      </object_component>
      <object_component id="oc-7d">
         <name>.int39</name>
         <load_address>0xffce</load_address>
         <run_address>0xffce</run_address>
         <size>0x2</size>
         <input_file_ref idref="fl-30"/>
      </object_component>
      <object_component id="oc-7e">
         <name>.int40</name>
         <load_address>0xffd0</load_address>
         <run_address>0xffd0</run_address>
         <size>0x2</size>
         <input_file_ref idref="fl-31"/>
      </object_component>
      <object_component id="oc-7f">
         <name>.int42</name>
         <load_address>0xffd4</load_address>
         <run_address>0xffd4</run_address>
         <size>0x2</size>
         <input_file_ref idref="fl-32"/>
      </object_component>
      <object_component id="oc-80">
         <name>.int44</name>
         <load_address>0xffd8</load_address>
         <run_address>0xffd8</run_address>
         <size>0x2</size>
         <input_file_ref idref="fl-33"/>
      </object_component>
      <object_component id="oc-81">
         <name>.int45</name>
         <load_address>0xffda</load_address>
         <run_address>0xffda</run_address>
         <size>0x2</size>
         <input_file_ref idref="fl-d"/>
      </object_component>
      <object_component id="oc-82">
         <name>.int46</name>
         <load_address>0xffdc</load_address>
         <run_address>0xffdc</run_address>
         <size>0x2</size>
         <input_file_ref idref="fl-34"/>
      </object_component>
      <object_component id="oc-83">
         <name>.int47</name>
         <load_address>0xffde</load_address>
         <run_address>0xffde</run_address>
         <size>0x2</size>
         <input_file_ref idref="fl-7"/>
      </object_component>
      <object_component id="oc-84">
         <name>.int48</name>
         <load_address>0xffe0</load_address>
         <run_address>0xffe0</run_address>
         <size>0x2</size>
         <input_file_ref idref="fl-35"/>
      </object_component>
      <object_component id="oc-85">
         <name>.int49</name>
         <load_address>0xffe2</load_address>
         <run_address>0xffe2</run_address>
         <size>0x2</size>
         <input_file_ref idref="fl-a"/>
      </object_component>
      <object_component id="oc-86">
         <name>.int50</name>
         <load_address>0xffe4</load_address>
         <run_address>0xffe4</run_address>
         <size>0x2</size>
         <input_file_ref idref="fl-36"/>
      </object_component>
      <object_component id="oc-87">
         <name>.int51</name>
         <load_address>0xffe6</load_address>
         <run_address>0xffe6</run_address>
         <size>0x2</size>
         <input_file_ref idref="fl-37"/>
      </object_component>
      <object_component id="oc-88">
         <name>.int52</name>
         <load_address>0xffe8</load_address>
         <run_address>0xffe8</run_address>
         <size>0x2</size>
         <input_file_ref idref="fl-38"/>
      </object_component>
      <object_component id="oc-89">
         <name>.int53</name>
         <load_address>0xffea</load_address>
         <run_address>0xffea</run_address>
         <size>0x2</size>
         <input_file_ref idref="fl-39"/>
      </object_component>
      <object_component id="oc-8a">
         <name>.int54</name>
         <load_address>0xffec</load_address>
         <run_address>0xffec</run_address>
         <size>0x2</size>
         <input_file_ref idref="fl-3a"/>
      </object_component>
      <object_component id="oc-8b">
         <name>.int55</name>
         <load_address>0xffee</load_address>
         <run_address>0xffee</run_address>
         <size>0x2</size>
         <input_file_ref idref="fl-3b"/>
      </object_component>
      <object_component id="oc-8c">
         <name>.int56</name>
         <load_address>0xfff0</load_address>
         <run_address>0xfff0</run_address>
         <size>0x2</size>
         <input_file_ref idref="fl-3c"/>
      </object_component>
      <object_component id="oc-8d">
         <name>.int57</name>
         <load_address>0xfff2</load_address>
         <run_address>0xfff2</run_address>
         <size>0x2</size>
         <input_file_ref idref="fl-3d"/>
      </object_component>
      <object_component id="oc-8e">
         <name>.int58</name>
         <load_address>0xfff4</load_address>
         <run_address>0xfff4</run_address>
         <size>0x2</size>
         <input_file_ref idref="fl-3e"/>
      </object_component>
      <object_component id="oc-8f">
         <name>.int59</name>
         <load_address>0xfff6</load_address>
         <run_address>0xfff6</run_address>
         <size>0x2</size>
         <input_file_ref idref="fl-3f"/>
      </object_component>
      <object_component id="oc-90">
         <name>.int60</name>
         <load_address>0xfff8</load_address>
         <run_address>0xfff8</run_address>
         <size>0x2</size>
         <input_file_ref idref="fl-40"/>
      </object_component>
      <object_component id="oc-91">
         <name>.int61</name>
         <load_address>0xfffa</load_address>
         <run_address>0xfffa</run_address>
         <size>0x2</size>
         <input_file_ref idref="fl-41"/>
      </object_component>
      <object_component id="oc-92">
         <name>.int62</name>
         <load_address>0xfffc</load_address>
         <run_address>0xfffc</run_address>
         <size>0x2</size>
         <input_file_ref idref="fl-42"/>
      </object_component>
      <object_component id="oc-33e">
         <name>.reset</name>
         <load_address>0xfffe</load_address>
         <run_address>0xfffe</run_address>
         <size>0x2</size>
         <input_file_ref idref="fl-49"/>
      </object_component>
      <object_component id="oc-455">
         <name>.debug_info</name>
         <load_address>0x0</load_address>
         <run_address>0x0</run_address>
         <size>0x171</size>
         <input_file_ref idref="fl-2"/>
      </object_component>
      <object_component id="oc-3d4">
         <name>.debug_info</name>
         <load_address>0x171</load_address>
         <run_address>0x171</run_address>
         <size>0x116</size>
         <input_file_ref idref="fl-2"/>
      </object_component>
      <object_component id="oc-3fa">
         <name>.debug_info</name>
         <load_address>0x287</load_address>
         <run_address>0x287</run_address>
         <size>0x5e</size>
         <input_file_ref idref="fl-2"/>
      </object_component>
      <object_component id="oc-3ff">
         <name>.debug_info</name>
         <load_address>0x2e5</load_address>
         <run_address>0x2e5</run_address>
         <size>0x156</size>
         <input_file_ref idref="fl-2"/>
      </object_component>
      <object_component id="oc-345">
         <name>.debug_info</name>
         <load_address>0x43b</load_address>
         <run_address>0x43b</run_address>
         <size>0x84</size>
         <input_file_ref idref="fl-2"/>
      </object_component>
      <object_component id="oc-47e">
         <name>.debug_info</name>
         <load_address>0x4bf</load_address>
         <run_address>0x4bf</run_address>
         <size>0x144</size>
         <input_file_ref idref="fl-4"/>
      </object_component>
      <object_component id="oc-485">
         <name>.debug_info</name>
         <load_address>0x603</load_address>
         <run_address>0x603</run_address>
         <size>0x144</size>
         <input_file_ref idref="fl-4"/>
      </object_component>
      <object_component id="oc-412">
         <name>.debug_info</name>
         <load_address>0x747</load_address>
         <run_address>0x747</run_address>
         <size>0x168</size>
         <input_file_ref idref="fl-5"/>
      </object_component>
      <object_component id="oc-3bd">
         <name>.debug_info</name>
         <load_address>0x8af</load_address>
         <run_address>0x8af</run_address>
         <size>0x258</size>
         <input_file_ref idref="fl-6"/>
      </object_component>
      <object_component id="oc-40c">
         <name>.debug_info</name>
         <load_address>0xb07</load_address>
         <run_address>0xb07</run_address>
         <size>0x198</size>
         <input_file_ref idref="fl-6"/>
      </object_component>
      <object_component id="oc-463">
         <name>.debug_info</name>
         <load_address>0xc9f</load_address>
         <run_address>0xc9f</run_address>
         <size>0x11f</size>
         <input_file_ref idref="fl-7"/>
      </object_component>
      <object_component id="oc-363">
         <name>.debug_info</name>
         <load_address>0xdbe</load_address>
         <run_address>0xdbe</run_address>
         <size>0x112</size>
         <input_file_ref idref="fl-7"/>
      </object_component>
      <object_component id="oc-457">
         <name>.debug_info</name>
         <load_address>0xed0</load_address>
         <run_address>0xed0</run_address>
         <size>0x123</size>
         <input_file_ref idref="fl-8"/>
      </object_component>
      <object_component id="oc-45f">
         <name>.debug_info</name>
         <load_address>0xff3</load_address>
         <run_address>0xff3</run_address>
         <size>0x14f</size>
         <input_file_ref idref="fl-9"/>
      </object_component>
      <object_component id="oc-4c0">
         <name>.debug_info</name>
         <load_address>0x1142</load_address>
         <run_address>0x1142</run_address>
         <size>0x1b1</size>
         <input_file_ref idref="fl-9"/>
      </object_component>
      <object_component id="oc-4f9">
         <name>.debug_info</name>
         <load_address>0x12f3</load_address>
         <run_address>0x12f3</run_address>
         <size>0x19d</size>
         <input_file_ref idref="fl-9"/>
      </object_component>
      <object_component id="oc-4ff">
         <name>.debug_info</name>
         <load_address>0x1490</load_address>
         <run_address>0x1490</run_address>
         <size>0x179</size>
         <input_file_ref idref="fl-9"/>
      </object_component>
      <object_component id="oc-3c2">
         <name>.debug_info</name>
         <load_address>0x1609</load_address>
         <run_address>0x1609</run_address>
         <size>0xe6</size>
         <input_file_ref idref="fl-a"/>
      </object_component>
      <object_component id="oc-46f">
         <name>.debug_info</name>
         <load_address>0x16ef</load_address>
         <run_address>0x16ef</run_address>
         <size>0x12e</size>
         <input_file_ref idref="fl-a"/>
      </object_component>
      <object_component id="oc-36b">
         <name>.debug_info</name>
         <load_address>0x181d</load_address>
         <run_address>0x181d</run_address>
         <size>0x11f</size>
         <input_file_ref idref="fl-a"/>
      </object_component>
      <object_component id="oc-46b">
         <name>.debug_info</name>
         <load_address>0x193c</load_address>
         <run_address>0x193c</run_address>
         <size>0x11a</size>
         <input_file_ref idref="fl-c"/>
      </object_component>
      <object_component id="oc-478">
         <name>.debug_info</name>
         <load_address>0x1a56</load_address>
         <run_address>0x1a56</run_address>
         <size>0x129</size>
         <input_file_ref idref="fl-d"/>
      </object_component>
      <object_component id="oc-35f">
         <name>.debug_info</name>
         <load_address>0x1b7f</load_address>
         <run_address>0x1b7f</run_address>
         <size>0x11a</size>
         <input_file_ref idref="fl-d"/>
      </object_component>
      <object_component id="oc-358">
         <name>.debug_info</name>
         <load_address>0x1c99</load_address>
         <run_address>0x1c99</run_address>
         <size>0x10f</size>
         <input_file_ref idref="fl-43"/>
      </object_component>
      <object_component id="oc-33c">
         <name>.debug_info</name>
         <load_address>0x1da8</load_address>
         <run_address>0x1da8</run_address>
         <size>0x100</size>
         <input_file_ref idref="fl-49"/>
      </object_component>
      <object_component id="oc-382">
         <name>.debug_info</name>
         <load_address>0x1ea8</load_address>
         <run_address>0x1ea8</run_address>
         <size>0x17a</size>
         <input_file_ref idref="fl-49"/>
      </object_component>
      <object_component id="oc-4a1">
         <name>.debug_info</name>
         <load_address>0x2022</load_address>
         <run_address>0x2022</run_address>
         <size>0x3fc</size>
         <input_file_ref idref="fl-4a"/>
      </object_component>
      <object_component id="oc-43c">
         <name>.debug_info</name>
         <load_address>0x241e</load_address>
         <run_address>0x241e</run_address>
         <size>0x230</size>
         <input_file_ref idref="fl-4a"/>
      </object_component>
      <object_component id="oc-4e2">
         <name>.debug_info</name>
         <load_address>0x264e</load_address>
         <run_address>0x264e</run_address>
         <size>0x39</size>
         <input_file_ref idref="fl-4a"/>
      </object_component>
      <object_component id="oc-4f3">
         <name>.debug_info</name>
         <load_address>0x2687</load_address>
         <run_address>0x2687</run_address>
         <size>0x2c</size>
         <input_file_ref idref="fl-4a"/>
      </object_component>
      <object_component id="oc-4ac">
         <name>.debug_info</name>
         <load_address>0x26b3</load_address>
         <run_address>0x26b3</run_address>
         <size>0x2c</size>
         <input_file_ref idref="fl-4a"/>
      </object_component>
      <object_component id="oc-4e7">
         <name>.debug_info</name>
         <load_address>0x26df</load_address>
         <run_address>0x26df</run_address>
         <size>0xcd</size>
         <input_file_ref idref="fl-4a"/>
      </object_component>
      <object_component id="oc-3cb">
         <name>.debug_info</name>
         <load_address>0x27ac</load_address>
         <run_address>0x27ac</run_address>
         <size>0x17f</size>
         <input_file_ref idref="fl-4b"/>
      </object_component>
      <object_component id="oc-370">
         <name>.debug_info</name>
         <load_address>0x292b</load_address>
         <run_address>0x292b</run_address>
         <size>0x1d7</size>
         <input_file_ref idref="fl-4b"/>
      </object_component>
      <object_component id="oc-3c6">
         <name>.debug_info</name>
         <load_address>0x2b02</load_address>
         <run_address>0x2b02</run_address>
         <size>0x46</size>
         <input_file_ref idref="fl-4b"/>
      </object_component>
      <object_component id="oc-3b4">
         <name>.debug_info</name>
         <load_address>0x2b48</load_address>
         <run_address>0x2b48</run_address>
         <size>0x2c</size>
         <input_file_ref idref="fl-4c"/>
      </object_component>
      <object_component id="oc-3cf">
         <name>.debug_info</name>
         <load_address>0x2b74</load_address>
         <run_address>0x2b74</run_address>
         <size>0x153</size>
         <input_file_ref idref="fl-4e"/>
      </object_component>
      <object_component id="oc-49c">
         <name>.debug_info</name>
         <load_address>0x2cc7</load_address>
         <run_address>0x2cc7</run_address>
         <size>0x150</size>
         <input_file_ref idref="fl-4f"/>
      </object_component>
      <object_component id="oc-356">
         <name>.debug_info</name>
         <load_address>0x2e17</load_address>
         <run_address>0x2e17</run_address>
         <size>0x18f</size>
         <input_file_ref idref="fl-50"/>
      </object_component>
      <object_component id="oc-76">
         <name>.debug_info</name>
         <load_address>0x2fa6</load_address>
         <run_address>0x2fa6</run_address>
         <size>0x1d3</size>
         <input_file_ref idref="fl-50"/>
      </object_component>
      <object_component id="oc-351">
         <name>.debug_info</name>
         <load_address>0x3179</load_address>
         <run_address>0x3179</run_address>
         <size>0x46</size>
         <input_file_ref idref="fl-50"/>
      </object_component>
      <object_component id="oc-3b1">
         <name>.debug_info</name>
         <load_address>0x31bf</load_address>
         <run_address>0x31bf</run_address>
         <size>0x17b</size>
         <input_file_ref idref="fl-51"/>
      </object_component>
      <object_component id="oc-72">
         <name>.debug_info</name>
         <load_address>0x333a</load_address>
         <run_address>0x333a</run_address>
         <size>0x250</size>
         <input_file_ref idref="fl-51"/>
      </object_component>
      <object_component id="oc-340">
         <name>.debug_info</name>
         <load_address>0x358a</load_address>
         <run_address>0x358a</run_address>
         <size>0x60</size>
         <input_file_ref idref="fl-51"/>
      </object_component>
      <object_component id="oc-3ef">
         <name>.debug_info</name>
         <load_address>0x35ea</load_address>
         <run_address>0x35ea</run_address>
         <size>0x46</size>
         <input_file_ref idref="fl-51"/>
      </object_component>
      <object_component id="oc-3ac">
         <name>.debug_info</name>
         <load_address>0x3630</load_address>
         <run_address>0x3630</run_address>
         <size>0x39</size>
         <input_file_ref idref="fl-51"/>
      </object_component>
      <object_component id="oc-417">
         <name>.debug_info</name>
         <load_address>0x3669</load_address>
         <run_address>0x3669</run_address>
         <size>0x122</size>
         <input_file_ref idref="fl-52"/>
      </object_component>
      <object_component id="oc-3b3">
         <name>.debug_info</name>
         <load_address>0x378b</load_address>
         <run_address>0x378b</run_address>
         <size>0x19a</size>
         <input_file_ref idref="fl-55"/>
      </object_component>
      <object_component id="oc-34d">
         <name>.debug_info</name>
         <load_address>0x3925</load_address>
         <run_address>0x3925</run_address>
         <size>0x17a</size>
         <input_file_ref idref="fl-55"/>
      </object_component>
      <object_component id="oc-589">
         <name>.debug_info</name>
         <load_address>0x3a9f</load_address>
         <run_address>0x3a9f</run_address>
         <size>0xa2</size>
      </object_component>
      <object_component id="oc-4bc">
         <name>.debug_line</name>
         <load_address>0x0</load_address>
         <run_address>0x0</run_address>
         <size>0xac</size>
         <input_file_ref idref="fl-2"/>
      </object_component>
      <object_component id="oc-3d7">
         <name>.debug_line</name>
         <load_address>0xac</load_address>
         <run_address>0xac</run_address>
         <size>0x41</size>
         <input_file_ref idref="fl-2"/>
      </object_component>
      <object_component id="oc-3fd">
         <name>.debug_line</name>
         <load_address>0xed</load_address>
         <run_address>0xed</run_address>
         <size>0x60</size>
         <input_file_ref idref="fl-2"/>
      </object_component>
      <object_component id="oc-402">
         <name>.debug_line</name>
         <load_address>0x14d</load_address>
         <run_address>0x14d</run_address>
         <size>0x62</size>
         <input_file_ref idref="fl-2"/>
      </object_component>
      <object_component id="oc-348">
         <name>.debug_line</name>
         <load_address>0x1af</load_address>
         <run_address>0x1af</run_address>
         <size>0x20</size>
         <input_file_ref idref="fl-2"/>
      </object_component>
      <object_component id="oc-47c">
         <name>.debug_line</name>
         <load_address>0x1cf</load_address>
         <run_address>0x1cf</run_address>
         <size>0x4c</size>
         <input_file_ref idref="fl-4"/>
      </object_component>
      <object_component id="oc-484">
         <name>.debug_line</name>
         <load_address>0x21b</load_address>
         <run_address>0x21b</run_address>
         <size>0x96</size>
         <input_file_ref idref="fl-4"/>
      </object_component>
      <object_component id="oc-410">
         <name>.debug_line</name>
         <load_address>0x2b1</load_address>
         <run_address>0x2b1</run_address>
         <size>0x52</size>
         <input_file_ref idref="fl-5"/>
      </object_component>
      <object_component id="oc-3f9">
         <name>.debug_line</name>
         <load_address>0x303</load_address>
         <run_address>0x303</run_address>
         <size>0x8f</size>
         <input_file_ref idref="fl-6"/>
      </object_component>
      <object_component id="oc-40e">
         <name>.debug_line</name>
         <load_address>0x392</load_address>
         <run_address>0x392</run_address>
         <size>0x51</size>
         <input_file_ref idref="fl-6"/>
      </object_component>
      <object_component id="oc-466">
         <name>.debug_line</name>
         <load_address>0x3e3</load_address>
         <run_address>0x3e3</run_address>
         <size>0x7b</size>
         <input_file_ref idref="fl-7"/>
      </object_component>
      <object_component id="oc-366">
         <name>.debug_line</name>
         <load_address>0x45e</load_address>
         <run_address>0x45e</run_address>
         <size>0x61</size>
         <input_file_ref idref="fl-7"/>
      </object_component>
      <object_component id="oc-45b">
         <name>.debug_line</name>
         <load_address>0x4bf</load_address>
         <run_address>0x4bf</run_address>
         <size>0x4a</size>
         <input_file_ref idref="fl-8"/>
      </object_component>
      <object_component id="oc-45e">
         <name>.debug_line</name>
         <load_address>0x509</load_address>
         <run_address>0x509</run_address>
         <size>0x49</size>
         <input_file_ref idref="fl-9"/>
      </object_component>
      <object_component id="oc-4bf">
         <name>.debug_line</name>
         <load_address>0x552</load_address>
         <run_address>0x552</run_address>
         <size>0x5b</size>
         <input_file_ref idref="fl-9"/>
      </object_component>
      <object_component id="oc-4fc">
         <name>.debug_line</name>
         <load_address>0x5ad</load_address>
         <run_address>0x5ad</run_address>
         <size>0x85</size>
         <input_file_ref idref="fl-9"/>
      </object_component>
      <object_component id="oc-503">
         <name>.debug_line</name>
         <load_address>0x632</load_address>
         <run_address>0x632</run_address>
         <size>0x6b</size>
         <input_file_ref idref="fl-9"/>
      </object_component>
      <object_component id="oc-405">
         <name>.debug_line</name>
         <load_address>0x69d</load_address>
         <run_address>0x69d</run_address>
         <size>0x38</size>
         <input_file_ref idref="fl-a"/>
      </object_component>
      <object_component id="oc-473">
         <name>.debug_line</name>
         <load_address>0x6d5</load_address>
         <run_address>0x6d5</run_address>
         <size>0x52</size>
         <input_file_ref idref="fl-a"/>
      </object_component>
      <object_component id="oc-369">
         <name>.debug_line</name>
         <load_address>0x727</load_address>
         <run_address>0x727</run_address>
         <size>0x4b</size>
         <input_file_ref idref="fl-a"/>
      </object_component>
      <object_component id="oc-469">
         <name>.debug_line</name>
         <load_address>0x772</load_address>
         <run_address>0x772</run_address>
         <size>0x57</size>
         <input_file_ref idref="fl-c"/>
      </object_component>
      <object_component id="oc-476">
         <name>.debug_line</name>
         <load_address>0x7c9</load_address>
         <run_address>0x7c9</run_address>
         <size>0x54</size>
         <input_file_ref idref="fl-d"/>
      </object_component>
      <object_component id="oc-361">
         <name>.debug_line</name>
         <load_address>0x81d</load_address>
         <run_address>0x81d</run_address>
         <size>0x57</size>
         <input_file_ref idref="fl-d"/>
      </object_component>
      <object_component id="oc-35b">
         <name>.debug_line</name>
         <load_address>0x874</load_address>
         <run_address>0x874</run_address>
         <size>0x3d</size>
         <input_file_ref idref="fl-43"/>
      </object_component>
      <object_component id="oc-3ab">
         <name>.debug_line</name>
         <load_address>0x8b1</load_address>
         <run_address>0x8b1</run_address>
         <size>0x2a</size>
         <input_file_ref idref="fl-49"/>
      </object_component>
      <object_component id="oc-385">
         <name>.debug_line</name>
         <load_address>0x8db</load_address>
         <run_address>0x8db</run_address>
         <size>0x46</size>
         <input_file_ref idref="fl-49"/>
      </object_component>
      <object_component id="oc-4e1">
         <name>.debug_line</name>
         <load_address>0x921</load_address>
         <run_address>0x921</run_address>
         <size>0xbf</size>
         <input_file_ref idref="fl-4a"/>
      </object_component>
      <object_component id="oc-43f">
         <name>.debug_line</name>
         <load_address>0x9e0</load_address>
         <run_address>0x9e0</run_address>
         <size>0x80</size>
         <input_file_ref idref="fl-4a"/>
      </object_component>
      <object_component id="oc-4e5">
         <name>.debug_line</name>
         <load_address>0xa60</load_address>
         <run_address>0xa60</run_address>
         <size>0x2e</size>
         <input_file_ref idref="fl-4a"/>
      </object_component>
      <object_component id="oc-4f6">
         <name>.debug_line</name>
         <load_address>0xa8e</load_address>
         <run_address>0xa8e</run_address>
         <size>0x9a</size>
         <input_file_ref idref="fl-4a"/>
      </object_component>
      <object_component id="oc-4af">
         <name>.debug_line</name>
         <load_address>0xb28</load_address>
         <run_address>0xb28</run_address>
         <size>0x97</size>
         <input_file_ref idref="fl-4a"/>
      </object_component>
      <object_component id="oc-4ea">
         <name>.debug_line</name>
         <load_address>0xbbf</load_address>
         <run_address>0xbbf</run_address>
         <size>0x93</size>
         <input_file_ref idref="fl-4a"/>
      </object_component>
      <object_component id="oc-407">
         <name>.debug_line</name>
         <load_address>0xc52</load_address>
         <run_address>0xc52</run_address>
         <size>0x20</size>
         <input_file_ref idref="fl-4b"/>
      </object_component>
      <object_component id="oc-36f">
         <name>.debug_line</name>
         <load_address>0xc72</load_address>
         <run_address>0xc72</run_address>
         <size>0x4f</size>
         <input_file_ref idref="fl-4b"/>
      </object_component>
      <object_component id="oc-3c9">
         <name>.debug_line</name>
         <load_address>0xcc1</load_address>
         <run_address>0xcc1</run_address>
         <size>0x34</size>
         <input_file_ref idref="fl-4b"/>
      </object_component>
      <object_component id="oc-3b7">
         <name>.debug_line</name>
         <load_address>0xcf5</load_address>
         <run_address>0xcf5</run_address>
         <size>0x92</size>
         <input_file_ref idref="fl-4c"/>
      </object_component>
      <object_component id="oc-3d2">
         <name>.debug_line</name>
         <load_address>0xd87</load_address>
         <run_address>0xd87</run_address>
         <size>0x3e</size>
         <input_file_ref idref="fl-4e"/>
      </object_component>
      <object_component id="oc-49f">
         <name>.debug_line</name>
         <load_address>0xdc5</load_address>
         <run_address>0xdc5</run_address>
         <size>0x3a</size>
         <input_file_ref idref="fl-4f"/>
      </object_component>
      <object_component id="oc-3ba">
         <name>.debug_line</name>
         <load_address>0xdff</load_address>
         <run_address>0xdff</run_address>
         <size>0x20</size>
         <input_file_ref idref="fl-50"/>
      </object_component>
      <object_component id="oc-79">
         <name>.debug_line</name>
         <load_address>0xe1f</load_address>
         <run_address>0xe1f</run_address>
         <size>0x50</size>
         <input_file_ref idref="fl-50"/>
      </object_component>
      <object_component id="oc-354">
         <name>.debug_line</name>
         <load_address>0xe6f</load_address>
         <run_address>0xe6f</run_address>
         <size>0x3a</size>
         <input_file_ref idref="fl-50"/>
      </object_component>
      <object_component id="oc-3f5">
         <name>.debug_line</name>
         <load_address>0xea9</load_address>
         <run_address>0xea9</run_address>
         <size>0x20</size>
         <input_file_ref idref="fl-51"/>
      </object_component>
      <object_component id="oc-74">
         <name>.debug_line</name>
         <load_address>0xec9</load_address>
         <run_address>0xec9</run_address>
         <size>0x99</size>
         <input_file_ref idref="fl-51"/>
      </object_component>
      <object_component id="oc-343">
         <name>.debug_line</name>
         <load_address>0xf62</load_address>
         <run_address>0xf62</run_address>
         <size>0x3a</size>
         <input_file_ref idref="fl-51"/>
      </object_component>
      <object_component id="oc-3f2">
         <name>.debug_line</name>
         <load_address>0xf9c</load_address>
         <run_address>0xf9c</run_address>
         <size>0x9a</size>
         <input_file_ref idref="fl-51"/>
      </object_component>
      <object_component id="oc-3af">
         <name>.debug_line</name>
         <load_address>0x1036</load_address>
         <run_address>0x1036</run_address>
         <size>0x96</size>
         <input_file_ref idref="fl-51"/>
      </object_component>
      <object_component id="oc-41a">
         <name>.debug_line</name>
         <load_address>0x10cc</load_address>
         <run_address>0x10cc</run_address>
         <size>0x3d</size>
         <input_file_ref idref="fl-52"/>
      </object_component>
      <object_component id="oc-3f7">
         <name>.debug_line</name>
         <load_address>0x1109</load_address>
         <run_address>0x1109</run_address>
         <size>0x20</size>
         <input_file_ref idref="fl-55"/>
      </object_component>
      <object_component id="oc-34f">
         <name>.debug_line</name>
         <load_address>0x1129</load_address>
         <run_address>0x1129</run_address>
         <size>0x42</size>
         <input_file_ref idref="fl-55"/>
      </object_component>
      <object_component id="oc-3d8">
         <name>.debug_frame</name>
         <load_address>0x0</load_address>
         <run_address>0x0</run_address>
         <size>0x3c</size>
         <input_file_ref idref="fl-2"/>
      </object_component>
      <object_component id="oc-480">
         <name>.debug_frame</name>
         <load_address>0x3c</load_address>
         <run_address>0x3c</run_address>
         <size>0x3c</size>
         <input_file_ref idref="fl-4"/>
      </object_component>
      <object_component id="oc-482">
         <name>.debug_frame</name>
         <load_address>0x78</load_address>
         <run_address>0x78</run_address>
         <size>0x40</size>
         <input_file_ref idref="fl-4"/>
      </object_component>
      <object_component id="oc-411">
         <name>.debug_frame</name>
         <load_address>0xb8</load_address>
         <run_address>0xb8</run_address>
         <size>0x3c</size>
         <input_file_ref idref="fl-5"/>
      </object_component>
      <object_component id="oc-40a">
         <name>.debug_frame</name>
         <load_address>0xf4</load_address>
         <run_address>0xf4</run_address>
         <size>0x3c</size>
         <input_file_ref idref="fl-6"/>
      </object_component>
      <object_component id="oc-467">
         <name>.debug_frame</name>
         <load_address>0x130</load_address>
         <run_address>0x130</run_address>
         <size>0x40</size>
         <input_file_ref idref="fl-7"/>
      </object_component>
      <object_component id="oc-367">
         <name>.debug_frame</name>
         <load_address>0x170</load_address>
         <run_address>0x170</run_address>
         <size>0x44</size>
         <input_file_ref idref="fl-7"/>
      </object_component>
      <object_component id="oc-45a">
         <name>.debug_frame</name>
         <load_address>0x1b4</load_address>
         <run_address>0x1b4</run_address>
         <size>0x3c</size>
         <input_file_ref idref="fl-8"/>
      </object_component>
      <object_component id="oc-45d">
         <name>.debug_frame</name>
         <load_address>0x1f0</load_address>
         <run_address>0x1f0</run_address>
         <size>0x40</size>
         <input_file_ref idref="fl-9"/>
      </object_component>
      <object_component id="oc-4c3">
         <name>.debug_frame</name>
         <load_address>0x230</load_address>
         <run_address>0x230</run_address>
         <size>0x40</size>
         <input_file_ref idref="fl-9"/>
      </object_component>
      <object_component id="oc-4fd">
         <name>.debug_frame</name>
         <load_address>0x270</load_address>
         <run_address>0x270</run_address>
         <size>0x40</size>
         <input_file_ref idref="fl-9"/>
      </object_component>
      <object_component id="oc-502">
         <name>.debug_frame</name>
         <load_address>0x2b0</load_address>
         <run_address>0x2b0</run_address>
         <size>0x40</size>
         <input_file_ref idref="fl-9"/>
      </object_component>
      <object_component id="oc-472">
         <name>.debug_frame</name>
         <load_address>0x2f0</load_address>
         <run_address>0x2f0</run_address>
         <size>0x3c</size>
         <input_file_ref idref="fl-a"/>
      </object_component>
      <object_component id="oc-36d">
         <name>.debug_frame</name>
         <load_address>0x32c</load_address>
         <run_address>0x32c</run_address>
         <size>0x3c</size>
         <input_file_ref idref="fl-a"/>
      </object_component>
      <object_component id="oc-46a">
         <name>.debug_frame</name>
         <load_address>0x368</load_address>
         <run_address>0x368</run_address>
         <size>0x3c</size>
         <input_file_ref idref="fl-c"/>
      </object_component>
      <object_component id="oc-477">
         <name>.debug_frame</name>
         <load_address>0x3a4</load_address>
         <run_address>0x3a4</run_address>
         <size>0x3c</size>
         <input_file_ref idref="fl-d"/>
      </object_component>
      <object_component id="oc-35e">
         <name>.debug_frame</name>
         <load_address>0x3e0</load_address>
         <run_address>0x3e0</run_address>
         <size>0x44</size>
         <input_file_ref idref="fl-d"/>
      </object_component>
      <object_component id="oc-381">
         <name>.debug_frame</name>
         <load_address>0x424</load_address>
         <run_address>0x424</run_address>
         <size>0x34</size>
         <input_file_ref idref="fl-49"/>
      </object_component>
      <object_component id="oc-43b">
         <name>.debug_frame</name>
         <load_address>0x458</load_address>
         <run_address>0x458</run_address>
         <size>0x48</size>
         <input_file_ref idref="fl-4a"/>
      </object_component>
      <object_component id="oc-373">
         <name>.debug_frame</name>
         <load_address>0x4a0</load_address>
         <run_address>0x4a0</run_address>
         <size>0x3c</size>
         <input_file_ref idref="fl-4b"/>
      </object_component>
      <object_component id="oc-3ce">
         <name>.debug_frame</name>
         <load_address>0x4dc</load_address>
         <run_address>0x4dc</run_address>
         <size>0x3c</size>
         <input_file_ref idref="fl-4e"/>
      </object_component>
      <object_component id="oc-49b">
         <name>.debug_frame</name>
         <load_address>0x518</load_address>
         <run_address>0x518</run_address>
         <size>0x3c</size>
         <input_file_ref idref="fl-4f"/>
      </object_component>
      <object_component id="oc-7a">
         <name>.debug_frame</name>
         <load_address>0x554</load_address>
         <run_address>0x554</run_address>
         <size>0x3c</size>
         <input_file_ref idref="fl-50"/>
      </object_component>
      <object_component id="oc-70">
         <name>.debug_frame</name>
         <load_address>0x590</load_address>
         <run_address>0x590</run_address>
         <size>0x48</size>
         <input_file_ref idref="fl-51"/>
      </object_component>
      <object_component id="oc-41b">
         <name>.debug_frame</name>
         <load_address>0x5d8</load_address>
         <run_address>0x5d8</run_address>
         <size>0x3c</size>
         <input_file_ref idref="fl-52"/>
      </object_component>
      <object_component id="oc-34b">
         <name>.debug_frame</name>
         <load_address>0x614</load_address>
         <run_address>0x614</run_address>
         <size>0x3c</size>
         <input_file_ref idref="fl-55"/>
      </object_component>
      <object_component id="oc-4bb">
         <name>.debug_abbrev</name>
         <load_address>0x0</load_address>
         <run_address>0x0</run_address>
         <size>0x56</size>
         <input_file_ref idref="fl-2"/>
      </object_component>
      <object_component id="oc-415">
         <name>.debug_abbrev</name>
         <load_address>0x56</load_address>
         <run_address>0x56</run_address>
         <size>0x5e</size>
         <input_file_ref idref="fl-2"/>
      </object_component>
      <object_component id="oc-3fc">
         <name>.debug_abbrev</name>
         <load_address>0xb4</load_address>
         <run_address>0xb4</run_address>
         <size>0x49</size>
         <input_file_ref idref="fl-2"/>
      </object_component>
      <object_component id="oc-401">
         <name>.debug_abbrev</name>
         <load_address>0xfd</load_address>
         <run_address>0xfd</run_address>
         <size>0x97</size>
         <input_file_ref idref="fl-2"/>
      </object_component>
      <object_component id="oc-347">
         <name>.debug_abbrev</name>
         <load_address>0x194</load_address>
         <run_address>0x194</run_address>
         <size>0x1f</size>
         <input_file_ref idref="fl-2"/>
      </object_component>
      <object_component id="oc-4c9">
         <name>.debug_abbrev</name>
         <load_address>0x1b3</load_address>
         <run_address>0x1b3</run_address>
         <size>0x50</size>
         <input_file_ref idref="fl-4"/>
      </object_component>
      <object_component id="oc-4ca">
         <name>.debug_abbrev</name>
         <load_address>0x203</load_address>
         <run_address>0x203</run_address>
         <size>0x50</size>
         <input_file_ref idref="fl-4"/>
      </object_component>
      <object_component id="oc-487">
         <name>.debug_abbrev</name>
         <load_address>0x253</load_address>
         <run_address>0x253</run_address>
         <size>0x5e</size>
         <input_file_ref idref="fl-5"/>
      </object_component>
      <object_component id="oc-3f8">
         <name>.debug_abbrev</name>
         <load_address>0x2b1</load_address>
         <run_address>0x2b1</run_address>
         <size>0x82</size>
         <input_file_ref idref="fl-6"/>
      </object_component>
      <object_component id="oc-47a">
         <name>.debug_abbrev</name>
         <load_address>0x333</load_address>
         <run_address>0x333</run_address>
         <size>0x5e</size>
         <input_file_ref idref="fl-6"/>
      </object_component>
      <object_component id="oc-4c5">
         <name>.debug_abbrev</name>
         <load_address>0x391</load_address>
         <run_address>0x391</run_address>
         <size>0x50</size>
         <input_file_ref idref="fl-7"/>
      </object_component>
      <object_component id="oc-3c0">
         <name>.debug_abbrev</name>
         <load_address>0x3e1</load_address>
         <run_address>0x3e1</run_address>
         <size>0x53</size>
         <input_file_ref idref="fl-7"/>
      </object_component>
      <object_component id="oc-4bd">
         <name>.debug_abbrev</name>
         <load_address>0x434</load_address>
         <run_address>0x434</run_address>
         <size>0x50</size>
         <input_file_ref idref="fl-8"/>
      </object_component>
      <object_component id="oc-4c4">
         <name>.debug_abbrev</name>
         <load_address>0x484</load_address>
         <run_address>0x484</run_address>
         <size>0x6c</size>
         <input_file_ref idref="fl-9"/>
      </object_component>
      <object_component id="oc-504">
         <name>.debug_abbrev</name>
         <load_address>0x4f0</load_address>
         <run_address>0x4f0</run_address>
         <size>0x7c</size>
         <input_file_ref idref="fl-9"/>
      </object_component>
      <object_component id="oc-512">
         <name>.debug_abbrev</name>
         <load_address>0x56c</load_address>
         <run_address>0x56c</run_address>
         <size>0x6e</size>
         <input_file_ref idref="fl-9"/>
      </object_component>
      <object_component id="oc-513">
         <name>.debug_abbrev</name>
         <load_address>0x5da</load_address>
         <run_address>0x5da</run_address>
         <size>0x6e</size>
         <input_file_ref idref="fl-9"/>
      </object_component>
      <object_component id="oc-404">
         <name>.debug_abbrev</name>
         <load_address>0x648</load_address>
         <run_address>0x648</run_address>
         <size>0x29</size>
         <input_file_ref idref="fl-a"/>
      </object_component>
      <object_component id="oc-4c7">
         <name>.debug_abbrev</name>
         <load_address>0x671</load_address>
         <run_address>0x671</run_address>
         <size>0x50</size>
         <input_file_ref idref="fl-a"/>
      </object_component>
      <object_component id="oc-3c4">
         <name>.debug_abbrev</name>
         <load_address>0x6c1</load_address>
         <run_address>0x6c1</run_address>
         <size>0x53</size>
         <input_file_ref idref="fl-a"/>
      </object_component>
      <object_component id="oc-4c6">
         <name>.debug_abbrev</name>
         <load_address>0x714</load_address>
         <run_address>0x714</run_address>
         <size>0x50</size>
         <input_file_ref idref="fl-c"/>
      </object_component>
      <object_component id="oc-4c8">
         <name>.debug_abbrev</name>
         <load_address>0x764</load_address>
         <run_address>0x764</run_address>
         <size>0x50</size>
         <input_file_ref idref="fl-d"/>
      </object_component>
      <object_component id="oc-3bf">
         <name>.debug_abbrev</name>
         <load_address>0x7b4</load_address>
         <run_address>0x7b4</run_address>
         <size>0x53</size>
         <input_file_ref idref="fl-d"/>
      </object_component>
      <object_component id="oc-3bb">
         <name>.debug_abbrev</name>
         <load_address>0x807</load_address>
         <run_address>0x807</run_address>
         <size>0x28</size>
         <input_file_ref idref="fl-43"/>
      </object_component>
      <object_component id="oc-3aa">
         <name>.debug_abbrev</name>
         <load_address>0x82f</load_address>
         <run_address>0x82f</run_address>
         <size>0x29</size>
         <input_file_ref idref="fl-49"/>
      </object_component>
      <object_component id="oc-3dc">
         <name>.debug_abbrev</name>
         <load_address>0x858</load_address>
         <run_address>0x858</run_address>
         <size>0x58</size>
         <input_file_ref idref="fl-49"/>
      </object_component>
      <object_component id="oc-4e0">
         <name>.debug_abbrev</name>
         <load_address>0x8b0</load_address>
         <run_address>0x8b0</run_address>
         <size>0xcb</size>
         <input_file_ref idref="fl-4a"/>
      </object_component>
      <object_component id="oc-4ab">
         <name>.debug_abbrev</name>
         <load_address>0x97b</load_address>
         <run_address>0x97b</run_address>
         <size>0x7e</size>
         <input_file_ref idref="fl-4a"/>
      </object_component>
      <object_component id="oc-4e4">
         <name>.debug_abbrev</name>
         <load_address>0x9f9</load_address>
         <run_address>0x9f9</run_address>
         <size>0x24</size>
         <input_file_ref idref="fl-4a"/>
      </object_component>
      <object_component id="oc-4f5">
         <name>.debug_abbrev</name>
         <load_address>0xa1d</load_address>
         <run_address>0xa1d</run_address>
         <size>0x24</size>
         <input_file_ref idref="fl-4a"/>
      </object_component>
      <object_component id="oc-4ae">
         <name>.debug_abbrev</name>
         <load_address>0xa41</load_address>
         <run_address>0xa41</run_address>
         <size>0x24</size>
         <input_file_ref idref="fl-4a"/>
      </object_component>
      <object_component id="oc-4e9">
         <name>.debug_abbrev</name>
         <load_address>0xa65</load_address>
         <run_address>0xa65</run_address>
         <size>0x4b</size>
         <input_file_ref idref="fl-4a"/>
      </object_component>
      <object_component id="oc-406">
         <name>.debug_abbrev</name>
         <load_address>0xab0</load_address>
         <run_address>0xab0</run_address>
         <size>0x40</size>
         <input_file_ref idref="fl-4b"/>
      </object_component>
      <object_component id="oc-3c5">
         <name>.debug_abbrev</name>
         <load_address>0xaf0</load_address>
         <run_address>0xaf0</run_address>
         <size>0x6f</size>
         <input_file_ref idref="fl-4b"/>
      </object_component>
      <object_component id="oc-3c8">
         <name>.debug_abbrev</name>
         <load_address>0xb5f</load_address>
         <run_address>0xb5f</run_address>
         <size>0x24</size>
         <input_file_ref idref="fl-4b"/>
      </object_component>
      <object_component id="oc-3b6">
         <name>.debug_abbrev</name>
         <load_address>0xb83</load_address>
         <run_address>0xb83</run_address>
         <size>0x24</size>
         <input_file_ref idref="fl-4c"/>
      </object_component>
      <object_component id="oc-408">
         <name>.debug_abbrev</name>
         <load_address>0xba7</load_address>
         <run_address>0xba7</run_address>
         <size>0x55</size>
         <input_file_ref idref="fl-4e"/>
      </object_component>
      <object_component id="oc-4df">
         <name>.debug_abbrev</name>
         <load_address>0xbfc</load_address>
         <run_address>0xbfc</run_address>
         <size>0x53</size>
         <input_file_ref idref="fl-4f"/>
      </object_component>
      <object_component id="oc-3b9">
         <name>.debug_abbrev</name>
         <load_address>0xc4f</load_address>
         <run_address>0xc4f</run_address>
         <size>0x40</size>
         <input_file_ref idref="fl-50"/>
      </object_component>
      <object_component id="oc-350">
         <name>.debug_abbrev</name>
         <load_address>0xc8f</load_address>
         <run_address>0xc8f</run_address>
         <size>0x74</size>
         <input_file_ref idref="fl-50"/>
      </object_component>
      <object_component id="oc-353">
         <name>.debug_abbrev</name>
         <load_address>0xd03</load_address>
         <run_address>0xd03</run_address>
         <size>0x24</size>
         <input_file_ref idref="fl-50"/>
      </object_component>
      <object_component id="oc-3f4">
         <name>.debug_abbrev</name>
         <load_address>0xd27</load_address>
         <run_address>0xd27</run_address>
         <size>0x40</size>
         <input_file_ref idref="fl-51"/>
      </object_component>
      <object_component id="oc-33f">
         <name>.debug_abbrev</name>
         <load_address>0xd67</load_address>
         <run_address>0xd67</run_address>
         <size>0x6f</size>
         <input_file_ref idref="fl-51"/>
      </object_component>
      <object_component id="oc-342">
         <name>.debug_abbrev</name>
         <load_address>0xdd6</load_address>
         <run_address>0xdd6</run_address>
         <size>0x24</size>
         <input_file_ref idref="fl-51"/>
      </object_component>
      <object_component id="oc-3f1">
         <name>.debug_abbrev</name>
         <load_address>0xdfa</load_address>
         <run_address>0xdfa</run_address>
         <size>0x35</size>
         <input_file_ref idref="fl-51"/>
      </object_component>
      <object_component id="oc-3ae">
         <name>.debug_abbrev</name>
         <load_address>0xe2f</load_address>
         <run_address>0xe2f</run_address>
         <size>0x24</size>
         <input_file_ref idref="fl-51"/>
      </object_component>
      <object_component id="oc-488">
         <name>.debug_abbrev</name>
         <load_address>0xe53</load_address>
         <run_address>0xe53</run_address>
         <size>0x45</size>
         <input_file_ref idref="fl-52"/>
      </object_component>
      <object_component id="oc-3f6">
         <name>.debug_abbrev</name>
         <load_address>0xe98</load_address>
         <run_address>0xe98</run_address>
         <size>0x50</size>
         <input_file_ref idref="fl-55"/>
      </object_component>
      <object_component id="oc-3b2">
         <name>.debug_abbrev</name>
         <load_address>0xee8</load_address>
         <run_address>0xee8</run_address>
         <size>0x71</size>
         <input_file_ref idref="fl-55"/>
      </object_component>
      <object_component id="oc-58a">
         <name>.debug_abbrev</name>
         <load_address>0xf59</load_address>
         <run_address>0xf59</run_address>
         <size>0xf</size>
      </object_component>
      <object_component id="oc-3fe">
         <name>.debug_str</name>
         <load_address>0x0</load_address>
         <run_address>0x0</run_address>
         <size>0xeb</size>
         <input_file_ref idref="fl-2"/>
      </object_component>
      <object_component id="oc-403">
         <name>.debug_str</name>
         <load_address>0xeb</load_address>
         <run_address>0xeb</run_address>
         <size>0x115</size>
         <input_file_ref idref="fl-2"/>
      </object_component>
      <object_component id="oc-349">
         <name>.debug_str</name>
         <load_address>0x200</load_address>
         <run_address>0x200</run_address>
         <size>0xfd</size>
         <input_file_ref idref="fl-2"/>
      </object_component>
      <object_component id="oc-4e6">
         <name>.debug_str</name>
         <load_address>0x2fd</load_address>
         <run_address>0x2fd</run_address>
         <size>0xed</size>
         <input_file_ref idref="fl-4a"/>
      </object_component>
      <object_component id="oc-4f7">
         <name>.debug_str</name>
         <load_address>0x3ea</load_address>
         <run_address>0x3ea</run_address>
         <size>0x14c</size>
         <input_file_ref idref="fl-4a"/>
      </object_component>
      <object_component id="oc-4b0">
         <name>.debug_str</name>
         <load_address>0x536</load_address>
         <run_address>0x536</run_address>
         <size>0x147</size>
         <input_file_ref idref="fl-4a"/>
      </object_component>
      <object_component id="oc-4eb">
         <name>.debug_str</name>
         <load_address>0x67d</load_address>
         <run_address>0x67d</run_address>
         <size>0x197</size>
         <input_file_ref idref="fl-4a"/>
      </object_component>
      <object_component id="oc-3ca">
         <name>.debug_str</name>
         <load_address>0x814</load_address>
         <run_address>0x814</run_address>
         <size>0x105</size>
         <input_file_ref idref="fl-4b"/>
      </object_component>
      <object_component id="oc-3b8">
         <name>.debug_str</name>
         <load_address>0x919</load_address>
         <run_address>0x919</run_address>
         <size>0x140</size>
         <input_file_ref idref="fl-4c"/>
      </object_component>
      <object_component id="oc-355">
         <name>.debug_str</name>
         <load_address>0xa59</load_address>
         <run_address>0xa59</run_address>
         <size>0x10b</size>
         <input_file_ref idref="fl-50"/>
      </object_component>
      <object_component id="oc-344">
         <name>.debug_str</name>
         <load_address>0xb64</load_address>
         <run_address>0xb64</run_address>
         <size>0x118</size>
         <input_file_ref idref="fl-51"/>
      </object_component>
      <object_component id="oc-3f3">
         <name>.debug_str</name>
         <load_address>0xc7c</load_address>
         <run_address>0xc7c</run_address>
         <size>0x16b</size>
         <input_file_ref idref="fl-51"/>
      </object_component>
      <object_component id="oc-3b0">
         <name>.debug_str</name>
         <load_address>0xde7</load_address>
         <run_address>0xde7</run_address>
         <size>0x158</size>
         <input_file_ref idref="fl-51"/>
      </object_component>
      <object_component id="oc-3d5">
         <name>.debug_aranges</name>
         <load_address>0x0</load_address>
         <run_address>0x0</run_address>
         <size>0x20</size>
         <input_file_ref idref="fl-2"/>
      </object_component>
      <object_component id="oc-47d">
         <name>.debug_aranges</name>
         <load_address>0x20</load_address>
         <run_address>0x20</run_address>
         <size>0x20</size>
         <input_file_ref idref="fl-4"/>
      </object_component>
      <object_component id="oc-483">
         <name>.debug_aranges</name>
         <load_address>0x40</load_address>
         <run_address>0x40</run_address>
         <size>0x20</size>
         <input_file_ref idref="fl-4"/>
      </object_component>
      <object_component id="oc-414">
         <name>.debug_aranges</name>
         <load_address>0x60</load_address>
         <run_address>0x60</run_address>
         <size>0x20</size>
         <input_file_ref idref="fl-5"/>
      </object_component>
      <object_component id="oc-40b">
         <name>.debug_aranges</name>
         <load_address>0x80</load_address>
         <run_address>0x80</run_address>
         <size>0x20</size>
         <input_file_ref idref="fl-6"/>
      </object_component>
      <object_component id="oc-465">
         <name>.debug_aranges</name>
         <load_address>0xa0</load_address>
         <run_address>0xa0</run_address>
         <size>0x20</size>
         <input_file_ref idref="fl-7"/>
      </object_component>
      <object_component id="oc-364">
         <name>.debug_aranges</name>
         <load_address>0xc0</load_address>
         <run_address>0xc0</run_address>
         <size>0x20</size>
         <input_file_ref idref="fl-7"/>
      </object_component>
      <object_component id="oc-458">
         <name>.debug_aranges</name>
         <load_address>0xe0</load_address>
         <run_address>0xe0</run_address>
         <size>0x20</size>
         <input_file_ref idref="fl-8"/>
      </object_component>
      <object_component id="oc-460">
         <name>.debug_aranges</name>
         <load_address>0x100</load_address>
         <run_address>0x100</run_address>
         <size>0x20</size>
         <input_file_ref idref="fl-9"/>
      </object_component>
      <object_component id="oc-4c2">
         <name>.debug_aranges</name>
         <load_address>0x120</load_address>
         <run_address>0x120</run_address>
         <size>0x20</size>
         <input_file_ref idref="fl-9"/>
      </object_component>
      <object_component id="oc-4fa">
         <name>.debug_aranges</name>
         <load_address>0x140</load_address>
         <run_address>0x140</run_address>
         <size>0x20</size>
         <input_file_ref idref="fl-9"/>
      </object_component>
      <object_component id="oc-501">
         <name>.debug_aranges</name>
         <load_address>0x160</load_address>
         <run_address>0x160</run_address>
         <size>0x20</size>
         <input_file_ref idref="fl-9"/>
      </object_component>
      <object_component id="oc-470">
         <name>.debug_aranges</name>
         <load_address>0x180</load_address>
         <run_address>0x180</run_address>
         <size>0x20</size>
         <input_file_ref idref="fl-a"/>
      </object_component>
      <object_component id="oc-36a">
         <name>.debug_aranges</name>
         <load_address>0x1a0</load_address>
         <run_address>0x1a0</run_address>
         <size>0x20</size>
         <input_file_ref idref="fl-a"/>
      </object_component>
      <object_component id="oc-46c">
         <name>.debug_aranges</name>
         <load_address>0x1c0</load_address>
         <run_address>0x1c0</run_address>
         <size>0x20</size>
         <input_file_ref idref="fl-c"/>
      </object_component>
      <object_component id="oc-475">
         <name>.debug_aranges</name>
         <load_address>0x1e0</load_address>
         <run_address>0x1e0</run_address>
         <size>0x20</size>
         <input_file_ref idref="fl-d"/>
      </object_component>
      <object_component id="oc-35d">
         <name>.debug_aranges</name>
         <load_address>0x200</load_address>
         <run_address>0x200</run_address>
         <size>0x20</size>
[...]
         <value>0x165</value>
      </symbol>
      <symbol id="sm-248">
         <name>UCSCTL3</name>
         <value>0x166</value>
      </symbol>
      <symbol id="sm-249">
         <name>UCSCTL3_L</name>
         <value>0x166</value>
      </symbol>
      <symbol id="sm-24a">
         <name>UCSCTL3_H</name>
         <value>0x167</value>
      </symbol>
      <symbol id="sm-24b">
         <name>UCSCTL4</name>
         <value>0x168</value>
      </symbol>
      <symbol id="sm-24c">
         <name>UCSCTL4_L</name>
         <value>0x168</value>
      </symbol>
      <symbol id="sm-24d">
         <name>UCSCTL4_H</name>
         <value>0x169</value>
      </symbol>
      <symbol id="sm-24e">
         <name>UCSCTL5</name>
         <value>0x16a</value>
      </symbol>
      <symbol id="sm-24f">
         <name>UCSCTL5_L</name>
         <value>0x16a</value>
      </symbol>
      <symbol id="sm-250">
         <name>UCSCTL5_H</name>
         <value>0x16b</value>
      </symbol>
      <symbol id="sm-251">
         <name>UCSCTL6</name>
         <value>0x16c</value>
      </symbol>
      <symbol id="sm-252">
         <name>UCSCTL6_L</name>
         <value>0x16c</value>
      </symbol>
      <symbol id="sm-253">
         <name>UCSCTL6_H</name>
         <value>0x16d</value>
      </symbol>
      <symbol id="sm-254">
         <name>UCSCTL7</name>
         <value>0x16e</value>
      </symbol>
      <symbol id="sm-255">
         <name>UCSCTL7_L</name>
         <value>0x16e</value>
      </symbol>
      <symbol id="sm-256">
         <name>UCSCTL7_H</name>
         <value>0x16f</value>
      </symbol>
      <symbol id="sm-257">
         <name>UCSCTL8</name>
         <value>0x170</value>
      </symbol>
      <symbol id="sm-258">
         <name>UCSCTL8_L</name>
         <value>0x170</value>
      </symbol>
      <symbol id="sm-259">
         <name>UCSCTL8_H</name>
         <value>0x171</value>
      </symbol>
      <symbol id="sm-25a">
         <name>UCA0CTLW0</name>
         <value>0x5c0</value>
      </symbol>
      <symbol id="sm-25b">
         <name>UCA0CTLW0_L</name>
         <value>0x5c0</value>
      </symbol>
      <symbol id="sm-25c">
         <name>UCA0CTLW0_H</name>
         <value>0x5c1</value>
      </symbol>
      <symbol id="sm-25d">
         <name>UCA0BRW</name>
         <value>0x5c6</value>
      </symbol>
      <symbol id="sm-25e">
         <name>UCA0BRW_L</name>
         <value>0x5c6</value>
      </symbol>
      <symbol id="sm-25f">
         <name>UCA0BRW_H</name>
         <value>0x5c7</value>
      </symbol>
      <symbol id="sm-260">
         <name>UCA0MCTL</name>
         <value>0x5c8</value>
      </symbol>
      <symbol id="sm-261">
         <name>UCA0STAT</name>
         <value>0x5ca</value>
      </symbol>
      <symbol id="sm-262">
         <name>UCA0RXBUF</name>
         <value>0x5cc</value>
      </symbol>
      <symbol id="sm-263">
         <name>UCA0TXBUF</name>
         <value>0x5ce</value>
      </symbol>
      <symbol id="sm-264">
         <name>UCA0ABCTL</name>
         <value>0x5d0</value>
      </symbol>
      <symbol id="sm-265">
         <name>UCA0IRCTL</name>
         <value>0x5d2</value>
      </symbol>
      <symbol id="sm-266">
         <name>UCA0IRCTL_L</name>
         <value>0x5d2</value>
      </symbol>
      <symbol id="sm-267">
         <name>UCA0IRCTL_H</name>
         <value>0x5d3</value>
      </symbol>
      <symbol id="sm-268">
         <name>UCA0ICTL</name>
         <value>0x5dc</value>
      </symbol>
      <symbol id="sm-269">
         <name>UCA0ICTL_L</name>
         <value>0x5dc</value>
      </symbol>
      <symbol id="sm-26a">
         <name>UCA0ICTL_H</name>
         <value>0x5dd</value>
      </symbol>
      <symbol id="sm-26b">
         <name>UCA0IV</name>
         <value>0x5de</value>
      </symbol>
      <symbol id="sm-26c">
         <name>UCB0CTLW0</name>
         <value>0x5e0</value>
      </symbol>
      <symbol id="sm-26d">
         <name>UCB0CTLW0_L</name>
         <value>0x5e0</value>
      </symbol>
      <symbol id="sm-26e">
         <name>UCB0CTLW0_H</name>
         <value>0x5e1</value>
      </symbol>
      <symbol id="sm-26f">
         <name>UCB0BRW</name>
         <value>0x5e6</value>
      </symbol>
      <symbol id="sm-270">
         <name>UCB0BRW_L</name>
         <value>0x5e6</value>
      </symbol>
      <symbol id="sm-271">
         <name>UCB0BRW_H</name>
         <value>0x5e7</value>
      </symbol>
      <symbol id="sm-272">
         <name>UCB0STAT</name>
         <value>0x5ea</value>
      </symbol>
      <symbol id="sm-273">
         <name>UCB0RXBUF</name>
         <value>0x5ec</value>
      </symbol>
      <symbol id="sm-274">
         <name>UCB0TXBUF</name>
         <value>0x5ee</value>
      </symbol>
      <symbol id="sm-275">
         <name>UCB0I2COA</name>
         <value>0x5f0</value>
      </symbol>
      <symbol id="sm-276">
         <name>UCB0I2COA_L</name>
         <value>0x5f0</value>
      </symbol>
      <symbol id="sm-277">
         <name>UCB0I2COA_H</name>
         <value>0x5f1</value>
      </symbol>
      <symbol id="sm-278">
         <name>UCB0I2CSA</name>
         <value>0x5f2</value>
      </symbol>
      <symbol id="sm-279">
         <name>UCB0I2CSA_L</name>
         <value>0x5f2</value>
      </symbol>
      <symbol id="sm-27a">
         <name>UCB0I2CSA_H</name>
         <value>0x5f3</value>
      </symbol>
      <symbol id="sm-27b">
         <name>UCB0ICTL</name>
         <value>0x5fc</value>
      </symbol>
      <symbol id="sm-27c">
         <name>UCB0ICTL_L</name>
         <value>0x5fc</value>
      </symbol>
      <symbol id="sm-27d">
         <name>UCB0ICTL_H</name>
         <value>0x5fd</value>
      </symbol>
      <symbol id="sm-27e">
         <name>UCB0IV</name>
         <value>0x5fe</value>
      </symbol>
      <symbol id="sm-27f">
         <name>UCA1CTLW0</name>
         <value>0x600</value>
      </symbol>
      <symbol id="sm-280">
         <name>UCA1CTLW0_L</name>
         <value>0x600</value>
      </symbol>
      <symbol id="sm-281">
         <name>UCA1CTLW0_H</name>
         <value>0x601</value>
      </symbol>
      <symbol id="sm-282">
         <name>UCA1BRW</name>
         <value>0x606</value>
      </symbol>
      <symbol id="sm-283">
         <name>UCA1BRW_L</name>
         <value>0x606</value>
      </symbol>
      <symbol id="sm-284">
         <name>UCA1BRW_H</name>
         <value>0x607</value>
      </symbol>
      <symbol id="sm-285">
         <name>UCA1MCTL</name>
         <value>0x608</value>
      </symbol>
      <symbol id="sm-286">
         <name>UCA1STAT</name>
         <value>0x60a</value>
      </symbol>
      <symbol id="sm-287">
         <name>UCA1RXBUF</name>
         <value>0x60c</value>
      </symbol>
      <symbol id="sm-288">
         <name>UCA1TXBUF</name>
         <value>0x60e</value>
      </symbol>
      <symbol id="sm-289">
         <name>UCA1ABCTL</name>
         <value>0x610</value>
      </symbol>
      <symbol id="sm-28a">
         <name>UCA1IRCTL</name>
         <value>0x612</value>
      </symbol>
      <symbol id="sm-28b">
         <name>UCA1IRCTL_L</name>
         <value>0x612</value>
      </symbol>
      <symbol id="sm-28c">
         <name>UCA1IRCTL_H</name>
         <value>0x613</value>
      </symbol>
      <symbol id="sm-28d">
         <name>UCA1ICTL</name>
         <value>0x61c</value>
      </symbol>
      <symbol id="sm-28e">
         <name>UCA1ICTL_L</name>
         <value>0x61c</value>
      </symbol>
      <symbol id="sm-28f">
         <name>UCA1ICTL_H</name>
         <value>0x61d</value>
      </symbol>
      <symbol id="sm-290">
         <name>UCA1IV</name>
         <value>0x61e</value>
      </symbol>
      <symbol id="sm-291">
         <name>UCB1CTLW0</name>
         <value>0x620</value>
      </symbol>
      <symbol id="sm-292">
         <name>UCB1CTLW0_L</name>
         <value>0x620</value>
      </symbol>
      <symbol id="sm-293">
         <name>UCB1CTLW0_H</name>
         <value>0x621</value>
      </symbol>
      <symbol id="sm-294">
         <name>UCB1BRW</name>
         <value>0x626</value>
      </symbol>
      <symbol id="sm-295">
         <name>UCB1BRW_L</name>
         <value>0x626</value>
      </symbol>
      <symbol id="sm-296">
         <name>UCB1BRW_H</name>
         <value>0x627</value>
      </symbol>
      <symbol id="sm-297">
         <name>UCB1STAT</name>
         <value>0x62a</value>
      </symbol>
      <symbol id="sm-298">
         <name>UCB1RXBUF</name>
         <value>0x62c</value>
      </symbol>
      <symbol id="sm-299">
         <name>UCB1TXBUF</name>
         <value>0x62e</value>
      </symbol>
      <symbol id="sm-29a">
         <name>UCB1I2COA</name>
         <value>0x630</value>
      </symbol>
      <symbol id="sm-29b">
         <name>UCB1I2COA_L</name>
         <value>0x630</value>
      </symbol>
      <symbol id="sm-29c">
         <name>UCB1I2COA_H</name>
         <value>0x631</value>
      </symbol>
      <symbol id="sm-29d">
         <name>UCB1I2CSA</name>
         <value>0x632</value>
      </symbol>
      <symbol id="sm-29e">
         <name>UCB1I2CSA_L</name>
         <value>0x632</value>
      </symbol>
      <symbol id="sm-29f">
         <name>UCB1I2CSA_H</name>
         <value>0x633</value>
      </symbol>
      <symbol id="sm-2a0">
         <name>UCB1ICTL</name>
         <value>0x63c</value>
      </symbol>
      <symbol id="sm-2a1">
         <name>UCB1ICTL_L</name>
         <value>0x63c</value>
      </symbol>
      <symbol id="sm-2a2">
         <name>UCB1ICTL_H</name>
         <value>0x63d</value>
      </symbol>
      <symbol id="sm-2a3">
         <name>UCB1IV</name>
         <value>0x63e</value>
      </symbol>
      <symbol id="sm-2a4">
         <name>WDTCTL</name>
         <value>0x15c</value>
      </symbol>
      <symbol id="sm-2a5">
         <name>WDTCTL_L</name>
         <value>0x15c</value>
      </symbol>
      <symbol id="sm-2a6">
         <name>WDTCTL_H</name>
         <value>0x15d</value>
      </symbol>
      <symbol id="sm-2a7">
         <name>__TI_CINIT_Base</name>
         <value>0x80aa</value>
      </symbol>
      <symbol id="sm-2a8">
         <name>__TI_CINIT_Limit</name>
         <value>0x80ba</value>
      </symbol>
      <symbol id="sm-2a9">
         <name>__TI_Handler_Table_Base</name>
         <value>0x8092</value>
      </symbol>
      <symbol id="sm-2aa">
         <name>__TI_Handler_Table_Limit</name>
         <value>0x809e</value>
      </symbol>
      <symbol id="sm-2ab">
         <name>__STACK_SIZE</name>
         <value>0xa0</value>
      </symbol>
      <symbol id="sm-2ac">
         <name>__STACK_END</name>
         <value>0x6400</value>
      </symbol>
      <symbol id="sm-2ad">
         <name>__c_args__</name>
         <value>0xffffffff</value>
      </symbol>
      <symbol id="sm-2ae">
         <name>__TI_pprof_out_hndl</name>
         <value>0xffffffff</value>
      </symbol>
      <symbol id="sm-2af">
         <name>__TI_prof_data_start</name>
         <value>0xffffffff</value>
      </symbol>
      <symbol id="sm-2b0">
         <name>__TI_prof_data_size</name>
         <value>0xffffffff</value>
      </symbol>
      <symbol id="sm-328">
         <name>main</name>
         <value>0x1056e</value>
         <object_component_ref idref="oc-3d3"/>
      </symbol>
      <symbol id="sm-342">
         <name>Driver_SetSteering</name>
         <value>0x1058a</value>
         <object_component_ref idref="oc-47b"/>
      </symbol>
      <symbol id="sm-343">
         <name>Driver_SetThrottle</name>
         <value>0x1027e</value>
         <object_component_ref idref="oc-481"/>
      </symbol>
      <symbol id="sm-34c">
         <name>Driver_Init</name>
         <value>0x10564</value>
         <object_component_ref idref="oc-40f"/>
      </symbol>
      <symbol id="sm-359">
         <name>transmit</name>
         <value>0x1c00</value>
      </symbol>
      <symbol id="sm-35a">
         <name>HAL_Init</name>
         <value>0x1050c</value>
         <object_component_ref idref="oc-409"/>
      </symbol>
      <symbol id="sm-370">
         <name>P1_ISR</name>
         <value>0x8038</value>
         <object_component_ref idref="oc-362"/>
      </symbol>
      <symbol id="sm-371">
         <name>__TI_int47</name>
         <value>0xffde</value>
         <object_component_ref idref="oc-83"/>
      </symbol>
      <symbol id="sm-372">
         <name>HAL_GPIO_Init</name>
         <value>0x100ec</value>
         <object_component_ref idref="oc-462"/>
      </symbol>
      <symbol id="sm-37b">
         <name>HAL_Wdt_Init</name>
         <value>0x10578</value>
         <object_component_ref idref="oc-456"/>
      </symbol>
      <symbol id="sm-3a9">
         <name>HAL_PMM_SetVCoreDown</name>
         <value>0x101c2</value>
         <object_component_ref idref="oc-4fe"/>
      </symbol>
      <symbol id="sm-3aa">
         <name>HAL_PMM_SetVCoreUp</name>
         <value>0x10000</value>
         <object_component_ref idref="oc-4f8"/>
      </symbol>
      <symbol id="sm-3ab">
         <name>HAL_PMM_Init</name>
         <value>0x10540</value>
         <object_component_ref idref="oc-45c"/>
      </symbol>
      <symbol id="sm-3ac">
         <name>HAL_PMM_SetVCore</name>
         <value>0x1037a</value>
         <object_component_ref idref="oc-4be"/>
      </symbol>
      <symbol id="sm-3c2">
         <name>HAL_TimerA1_Init</name>
         <value>0x104ba</value>
         <object_component_ref idref="oc-46e"/>
      </symbol>
      <symbol id="sm-3c3">
         <name>throttle_cnt</name>
         <value>0x1e04</value>
         <object_component_ref idref="oc-3c1"/>
      </symbol>
      <symbol id="sm-3c4">
         <name>__TI_int49</name>
         <value>0xffe2</value>
         <object_component_ref idref="oc-85"/>
      </symbol>
      <symbol id="sm-3c5">
         <name>Timer_A1</name>
         <value>0x808c</value>
         <object_component_ref idref="oc-368"/>
      </symbol>
      <symbol id="sm-3d1">
         <name>HAL_UCS_Init</name>
         <value>0x10436</value>
         <object_component_ref idref="oc-468"/>
      </symbol>
      <symbol id="sm-3e4">
         <name>USCI_B1</name>
         <value>0x8000</value>
         <object_component_ref idref="oc-35c"/>
      </symbol>
      <symbol id="sm-3e5">
         <name>__TI_int45</name>
         <value>0xffda</value>
         <object_component_ref idref="oc-81"/>
      </symbol>
      <symbol id="sm-3e6">
         <name>HAL_USCIB1_Init</name>
         <value>0x10480</value>
         <object_component_ref idref="oc-474"/>
      </symbol>
      <symbol id="sm-3e9">
         <name>__TI_int37</name>
         <value>0xffca</value>
         <object_component_ref idref="oc-7b"/>
      </symbol>
      <symbol id="sm-3ec">
         <name>__TI_int38</name>
         <value>0xffcc</value>
         <object_component_ref idref="oc-7c"/>
      </symbol>
      <symbol id="sm-3ef">
         <name>__TI_int39</name>
         <value>0xffce</value>
         <object_component_ref idref="oc-7d"/>
      </symbol>
      <symbol id="sm-3f2">
         <name>__TI_int40</name>
         <value>0xffd0</value>
         <object_component_ref idref="oc-7e"/>
      </symbol>
      <symbol id="sm-3f5">
         <name>__TI_int42</name>
         <value>0xffd4</value>
         <object_component_ref idref="oc-7f"/>
      </symbol>
      <symbol id="sm-3f8">
         <name>__TI_int44</name>
         <value>0xffd8</value>
         <object_component_ref idref="oc-80"/>
      </symbol>
      <symbol id="sm-3fb">
         <name>__TI_int46</name>
         <value>0xffdc</value>
         <object_component_ref idref="oc-82"/>
      </symbol>
      <symbol id="sm-3fe">
         <name>__TI_int48</name>
         <value>0xffe0</value>
         <object_component_ref idref="oc-84"/>
      </symbol>
      <symbol id="sm-401">
         <name>__TI_int50</name>
         <value>0xffe4</value>
         <object_component_ref idref="oc-86"/>
      </symbol>
      <symbol id="sm-404">
         <name>__TI_int51</name>
         <value>0xffe6</value>
         <object_component_ref idref="oc-87"/>
      </symbol>
      <symbol id="sm-407">
         <name>__TI_int52</name>
         <value>0xffe8</value>
         <object_component_ref idref="oc-88"/>
      </symbol>
      <symbol id="sm-40a">
         <name>__TI_int53</name>
         <value>0xffea</value>
         <object_component_ref idref="oc-89"/>
      </symbol>
      <symbol id="sm-40d">
         <name>__TI_int54</name>
         <value>0xffec</value>
         <object_component_ref idref="oc-8a"/>
      </symbol>
      <symbol id="sm-410">
         <name>__TI_int55</name>
         <value>0xffee</value>
         <object_component_ref idref="oc-8b"/>
      </symbol>
      <symbol id="sm-413">
         <name>__TI_int56</name>
         <value>0xfff0</value>
         <object_component_ref idref="oc-8c"/>
      </symbol>
      <symbol id="sm-416">
         <name>__TI_int57</name>
         <value>0xfff2</value>
         <object_component_ref idref="oc-8d"/>
      </symbol>
      <symbol id="sm-419">
         <name>__TI_int58</name>
         <value>0xfff4</value>
         <object_component_ref idref="oc-8e"/>
      </symbol>
      <symbol id="sm-41c">
         <name>__TI_int59</name>
         <value>0xfff6</value>
         <object_component_ref idref="oc-8f"/>
      </symbol>
      <symbol id="sm-41f">
         <name>__TI_int60</name>
         <value>0xfff8</value>
         <object_component_ref idref="oc-90"/>
      </symbol>
      <symbol id="sm-422">
         <name>__TI_int61</name>
         <value>0xfffa</value>
         <object_component_ref idref="oc-91"/>
      </symbol>
      <symbol id="sm-425">
         <name>__TI_int62</name>
         <value>0xfffc</value>
         <object_component_ref idref="oc-92"/>
      </symbol>
      <symbol id="sm-42d">
         <name>__TI_ISR_TRAP</name>
         <value>0x8084</value>
         <object_component_ref idref="oc-357"/>
      </symbol>
      <symbol id="sm-442">
         <name>_stack</name>
         <value>0x6360</value>
         <object_component_ref idref="oc-33b"/>
      </symbol>
      <symbol id="sm-443">
         <name>_c_int00_noargs</name>
         <value>0x8068</value>
         <object_component_ref idref="oc-380"/>
      </symbol>
      <symbol id="sm-444">
         <name>_reset_vector</name>
         <value>0xfffe</value>
         <object_component_ref idref="oc-33e"/>
      </symbol>
      <symbol id="sm-467">
         <name>__TI_auto_init_nobinit_nopinit_hold_wdt</name>
         <value>0x103e2</value>
         <object_component_ref idref="oc-43a"/>
      </symbol>
      <symbol id="sm-47a">
         <name>__TI_zero_init_nomemset</name>
         <value>0x104e8</value>
         <object_component_ref idref="oc-36e"/>
      </symbol>
      <symbol id="sm-48a">
         <name>_system_pre_init</name>
         <value>0x10586</value>
         <object_component_ref idref="oc-3cd"/>
      </symbol>
      <symbol id="sm-493">
         <name>_system_post_cinit</name>
         <value>0x1058c</value>
         <object_component_ref idref="oc-49a"/>
      </symbol>
      <symbol id="sm-4a4">
         <name>__TI_decompress_none</name>
         <value>0x10552</value>
         <object_component_ref idref="oc-75"/>
      </symbol>
      <symbol id="sm-4c7">
         <name>__TI_decompress_lzss</name>
         <value>0x10304</value>
         <object_component_ref idref="oc-6f"/>
      </symbol>
      <symbol id="sm-4d1">
         <name>C$$EXIT</name>
         <value>0x10580</value>
         <object_component_ref idref="oc-416"/>
      </symbol>
      <symbol id="sm-4d2">
         <name>abort</name>
         <value>0x10580</value>
         <object_component_ref idref="oc-416"/>
      </symbol>
      <symbol id="sm-4e2">
         <name>memcpy</name>
         <value>0x1052c</value>
         <object_component_ref idref="oc-34a"/>
      </symbol>
   </symbol_table>
   <title>Link successful</title>
</link_info>
